#-----------------------------------------------------------
# Vivado v2018.3 (64-bit)
# SW Build 2405991 on Thu Dec  6 23:38:27 MST 2018
# IP Build 2404404 on Fri Dec  7 01:43:56 MST 2018
# Start of session at: Sun May 19 08:37:44 2024
# Process ID: 6692
# Current directory: F:/A/2024/plan0427/Bulid
# Command line: vivado.exe -gui_launcher_event rodinguilauncherevent7528 F:\A\2024\plan0427\Bulid\Top.xpr
# Log file: F:/A/2024/plan0427/Bulid/vivado.log
# Journal file: F:/A/2024/plan0427/Bulid\vivado.jou
#-----------------------------------------------------------
start_gui
open_project F:/A/2024/plan0427/Bulid/Top.xpr
update_compile_order -fileset sources_1
launch_simulation
source tb_Top.tcl
restart
restart
run 20 us
restart
restart
run 20 us
run 20 us
run 20 us
close_sim
close [ open F:/A/2024/plan0427/Src/check.v w ]
add_files F:/A/2024/plan0427/Src/check.v
update_compile_order -fileset sources_1
set_property SOURCE_SET sources_1 [get_filesets sim_1]
close [ open F:/A/2024/plan0427/Sim/tb_check.v w ]
add_files -fileset sim_1 F:/A/2024/plan0427/Sim/tb_check.v
update_compile_order -fileset sim_1
# Disabling source management mode.  This is to allow the top design properties to be set without GUI intervention.
set_property source_mgmt_mode None [current_project]
set_property top tb_check [get_filesets sim_1]
set_property top_lib xil_defaultlib [get_filesets sim_1]
# Re-enabling previously disabled source management mode.
set_property source_mgmt_mode All [current_project]
update_compile_order -fileset sim_1
launch_simulation
launch_simulation
launch_simulation
source tb_check.tcl
run 20 us
update_compile_order -fileset sources_1
close_sim
# Disabling source management mode.  This is to allow the top design properties to be set without GUI intervention.
set_property source_mgmt_mode None [current_project]
set_property top tb_Top [get_filesets sim_1]
set_property top_lib xil_defaultlib [get_filesets sim_1]
# Re-enabling previously disabled source management mode.
set_property source_mgmt_mode All [current_project]
update_compile_order -fileset sim_1
launch_simulation
source tb_Top.tcl
relaunch_sim
restart
restart
run 20 us
run 20 us
relaunch_sim
relaunch_sim
restart
restart
run 20 us
run 20 us
relaunch_sim
relaunch_sim
run 20 us
restart
restart
run 20 us
run 20 us
relaunch_sim
restart
restart
run 20 us
run 20 us
restart
restart
run 20 us
run 20 us
run 20 us
run 20 us
relaunch_sim
run 20 us
run 20 us
close_sim
